------------------------------------------------------------
Timing Analyzer Summary
------------------------------------------------------------

Type  : Slow 1100mV 85C Model Setup 'clk'
Slack : -0.348
TNS   : -1.777

Type  : Slow 1100mV 85C Model Hold 'clk'
Slack : 0.307
TNS   : 0.000

Type  : Slow 1100mV 85C Model Minimum Pulse Width 'clk'
Slack : -0.394
TNS   : -6.898

Type  : Slow 1100mV 0C Model Setup 'clk'
Slack : -0.370
TNS   : -2.088

Type  : Slow 1100mV 0C Model Hold 'clk'
Slack : 0.288
TNS   : 0.000

Type  : Slow 1100mV 0C Model Minimum Pulse Width 'clk'
Slack : -0.394
TNS   : -6.412

Type  : Fast 1100mV 85C Model Setup 'clk'
Slack : 0.210
TNS   : 0.000

Type  : Fast 1100mV 85C Model Hold 'clk'
Slack : 0.182
TNS   : 0.000

Type  : Fast 1100mV 85C Model Minimum Pulse Width 'clk'
Slack : -0.338
TNS   : -3.558

Type  : Fast 1100mV 0C Model Setup 'clk'
Slack : 0.248
TNS   : 0.000

Type  : Fast 1100mV 0C Model Hold 'clk'
Slack : 0.165
TNS   : 0.000

Type  : Fast 1100mV 0C Model Minimum Pulse Width 'clk'
Slack : -0.317
TNS   : -3.336

------------------------------------------------------------
