------------------------------------------------------------
Timing Analyzer Summary
------------------------------------------------------------

Type  : Slow 1100mV 85C Model Setup 'flag'
Slack : -12.537
TNS   : -1764.078

Type  : Slow 1100mV 85C Model Setup 'select'
Slack : -9.168
TNS   : -1532.150

Type  : Slow 1100mV 85C Model Setup 'clk'
Slack : -3.347
TNS   : -710.375

Type  : Slow 1100mV 85C Model Setup 'VGA:vga|pll:vgapll|c0'
Slack : -3.100
TNS   : -74.152

Type  : Slow 1100mV 85C Model Hold 'select'
Slack : -4.910
TNS   : -877.517

Type  : Slow 1100mV 85C Model Hold 'clk'
Slack : -3.294
TNS   : -3.294

Type  : Slow 1100mV 85C Model Hold 'flag'
Slack : -1.470
TNS   : -23.888

Type  : Slow 1100mV 85C Model Hold 'VGA:vga|pll:vgapll|c0'
Slack : 0.664
TNS   : 0.000

Type  : Slow 1100mV 85C Model Recovery 'select'
Slack : 0.031
TNS   : 0.000

Type  : Slow 1100mV 85C Model Removal 'select'
Slack : -4.364
TNS   : -771.659

Type  : Slow 1100mV 85C Model Minimum Pulse Width 'clk'
Slack : -0.394
TNS   : -199.884

Type  : Slow 1100mV 85C Model Minimum Pulse Width 'select'
Slack : -0.394
TNS   : -115.079

Type  : Slow 1100mV 85C Model Minimum Pulse Width 'VGA:vga|pll:vgapll|c0'
Slack : -0.394
TNS   : -12.543

Type  : Slow 1100mV 85C Model Minimum Pulse Width 'flag'
Slack : -0.245
TNS   : -3.412

Type  : Slow 1100mV 0C Model Setup 'flag'
Slack : -11.994
TNS   : -1708.180

Type  : Slow 1100mV 0C Model Setup 'select'
Slack : -8.733
TNS   : -1462.321

Type  : Slow 1100mV 0C Model Setup 'clk'
Slack : -3.372
TNS   : -703.253

Type  : Slow 1100mV 0C Model Setup 'VGA:vga|pll:vgapll|c0'
Slack : -3.157
TNS   : -74.876

Type  : Slow 1100mV 0C Model Hold 'select'
Slack : -4.822
TNS   : -855.738

Type  : Slow 1100mV 0C Model Hold 'clk'
Slack : -3.133
TNS   : -3.133

Type  : Slow 1100mV 0C Model Hold 'flag'
Slack : -1.510
TNS   : -20.992

Type  : Slow 1100mV 0C Model Hold 'VGA:vga|pll:vgapll|c0'
Slack : 0.661
TNS   : 0.000

Type  : Slow 1100mV 0C Model Recovery 'select'
Slack : 0.128
TNS   : 0.000

Type  : Slow 1100mV 0C Model Removal 'select'
Slack : -4.296
TNS   : -763.255

Type  : Slow 1100mV 0C Model Minimum Pulse Width 'clk'
Slack : -0.394
TNS   : -218.038

Type  : Slow 1100mV 0C Model Minimum Pulse Width 'select'
Slack : -0.394
TNS   : -110.357

Type  : Slow 1100mV 0C Model Minimum Pulse Width 'VGA:vga|pll:vgapll|c0'
Slack : -0.394
TNS   : -12.408

Type  : Slow 1100mV 0C Model Minimum Pulse Width 'flag'
Slack : -0.242
TNS   : -4.407

Type  : Fast 1100mV 85C Model Setup 'flag'
Slack : -6.917
TNS   : -892.088

Type  : Fast 1100mV 85C Model Setup 'select'
Slack : -6.355
TNS   : -1054.360

Type  : Fast 1100mV 85C Model Setup 'clk'
Slack : -1.568
TNS   : -311.595

Type  : Fast 1100mV 85C Model Setup 'VGA:vga|pll:vgapll|c0'
Slack : -1.358
TNS   : -32.128

Type  : Fast 1100mV 85C Model Hold 'select'
Slack : -2.727
TNS   : -489.791

Type  : Fast 1100mV 85C Model Hold 'clk'
Slack : -1.933
TNS   : -1.933

Type  : Fast 1100mV 85C Model Hold 'flag'
Slack : -1.005
TNS   : -39.635

Type  : Fast 1100mV 85C Model Hold 'VGA:vga|pll:vgapll|c0'
Slack : 0.348
TNS   : 0.000

Type  : Fast 1100mV 85C Model Recovery 'select'
Slack : -0.430
TNS   : -21.799

Type  : Fast 1100mV 85C Model Removal 'select'
Slack : -2.452
TNS   : -428.975

Type  : Fast 1100mV 85C Model Minimum Pulse Width 'flag'
Slack : -0.478
TNS   : -84.202

Type  : Fast 1100mV 85C Model Minimum Pulse Width 'clk'
Slack : -0.389
TNS   : -33.252

Type  : Fast 1100mV 85C Model Minimum Pulse Width 'select'
Slack : -0.311
TNS   : -58.204

Type  : Fast 1100mV 85C Model Minimum Pulse Width 'VGA:vga|pll:vgapll|c0'
Slack : 0.129
TNS   : 0.000

Type  : Fast 1100mV 0C Model Setup 'flag'
Slack : -6.213
TNS   : -818.372

Type  : Fast 1100mV 0C Model Setup 'select'
Slack : -5.548
TNS   : -921.986

Type  : Fast 1100mV 0C Model Setup 'clk'
Slack : -1.373
TNS   : -259.810

Type  : Fast 1100mV 0C Model Setup 'VGA:vga|pll:vgapll|c0'
Slack : -1.222
TNS   : -29.161

Type  : Fast 1100mV 0C Model Hold 'select'
Slack : -2.671
TNS   : -476.924

Type  : Fast 1100mV 0C Model Hold 'clk'
Slack : -1.831
TNS   : -1.831

Type  : Fast 1100mV 0C Model Hold 'flag'
Slack : -0.918
TNS   : -29.772

Type  : Fast 1100mV 0C Model Hold 'VGA:vga|pll:vgapll|c0'
Slack : 0.320
TNS   : 0.000

Type  : Fast 1100mV 0C Model Recovery 'select'
Slack : -0.304
TNS   : -10.590

Type  : Fast 1100mV 0C Model Removal 'select'
Slack : -2.413
TNS   : -425.700

Type  : Fast 1100mV 0C Model Minimum Pulse Width 'clk'
Slack : -0.401
TNS   : -33.610

Type  : Fast 1100mV 0C Model Minimum Pulse Width 'flag'
Slack : -0.391
TNS   : -74.900

Type  : Fast 1100mV 0C Model Minimum Pulse Width 'select'
Slack : -0.305
TNS   : -57.522

Type  : Fast 1100mV 0C Model Minimum Pulse Width 'VGA:vga|pll:vgapll|c0'
Slack : 0.139
TNS   : 0.000

------------------------------------------------------------
