------------------------------------------------------------
Timing Analyzer Summary
------------------------------------------------------------

Type  : Slow 1100mV 85C Model Setup 'flag'
Slack : -7.917
TNS   : -23.034

Type  : Slow 1100mV 85C Model Setup 'select'
Slack : -7.509
TNS   : -22.525

Type  : Slow 1100mV 85C Model Setup 'clk'
Slack : -3.886
TNS   : -9.760

Type  : Slow 1100mV 85C Model Setup 'VGA:vga|pll:vgapll|c0'
Slack : -2.986
TNS   : -61.891

Type  : Slow 1100mV 85C Model Hold 'clk'
Slack : 0.373
TNS   : 0.000

Type  : Slow 1100mV 85C Model Hold 'VGA:vga|pll:vgapll|c0'
Slack : 0.689
TNS   : 0.000

Type  : Slow 1100mV 85C Model Hold 'select'
Slack : 0.699
TNS   : 0.000

Type  : Slow 1100mV 85C Model Hold 'flag'
Slack : 0.731
TNS   : 0.000

Type  : Slow 1100mV 85C Model Recovery 'select'
Slack : -5.492
TNS   : -16.472

Type  : Slow 1100mV 85C Model Removal 'select'
Slack : 1.161
TNS   : 0.000

Type  : Slow 1100mV 85C Model Minimum Pulse Width 'clk'
Slack : -0.875
TNS   : -6.734

Type  : Slow 1100mV 85C Model Minimum Pulse Width 'VGA:vga|pll:vgapll|c0'
Slack : -0.394
TNS   : -10.771

Type  : Slow 1100mV 85C Model Minimum Pulse Width 'select'
Slack : -0.394
TNS   : -1.618

Type  : Slow 1100mV 85C Model Minimum Pulse Width 'flag'
Slack : 0.276
TNS   : 0.000

Type  : Slow 1100mV 0C Model Setup 'flag'
Slack : -7.731
TNS   : -22.619

Type  : Slow 1100mV 0C Model Setup 'select'
Slack : -7.025
TNS   : -21.075

Type  : Slow 1100mV 0C Model Setup 'clk'
Slack : -3.803
TNS   : -9.770

Type  : Slow 1100mV 0C Model Setup 'VGA:vga|pll:vgapll|c0'
Slack : -3.013
TNS   : -62.575

Type  : Slow 1100mV 0C Model Hold 'clk'
Slack : 0.389
TNS   : 0.000

Type  : Slow 1100mV 0C Model Hold 'select'
Slack : 0.499
TNS   : 0.000

Type  : Slow 1100mV 0C Model Hold 'VGA:vga|pll:vgapll|c0'
Slack : 0.683
TNS   : 0.000

Type  : Slow 1100mV 0C Model Hold 'flag'
Slack : 0.712
TNS   : 0.000

Type  : Slow 1100mV 0C Model Recovery 'select'
Slack : -5.076
TNS   : -15.223

Type  : Slow 1100mV 0C Model Removal 'select'
Slack : 0.960
TNS   : 0.000

Type  : Slow 1100mV 0C Model Minimum Pulse Width 'clk'
Slack : -0.872
TNS   : -7.323

Type  : Slow 1100mV 0C Model Minimum Pulse Width 'VGA:vga|pll:vgapll|c0'
Slack : -0.394
TNS   : -10.750

Type  : Slow 1100mV 0C Model Minimum Pulse Width 'select'
Slack : -0.394
TNS   : -1.686

Type  : Slow 1100mV 0C Model Minimum Pulse Width 'flag'
Slack : 0.271
TNS   : 0.000

Type  : Fast 1100mV 85C Model Setup 'select'
Slack : -4.760
TNS   : -14.174

Type  : Fast 1100mV 85C Model Setup 'flag'
Slack : -4.653
TNS   : -12.615

Type  : Fast 1100mV 85C Model Setup 'clk'
Slack : -3.157
TNS   : -4.328

Type  : Fast 1100mV 85C Model Setup 'VGA:vga|pll:vgapll|c0'
Slack : -1.345
TNS   : -27.918

Type  : Fast 1100mV 85C Model Hold 'clk'
Slack : 0.182
TNS   : 0.000

Type  : Fast 1100mV 85C Model Hold 'VGA:vga|pll:vgapll|c0'
Slack : 0.360
TNS   : 0.000

Type  : Fast 1100mV 85C Model Hold 'flag'
Slack : 0.368
TNS   : 0.000

Type  : Fast 1100mV 85C Model Hold 'select'
Slack : 0.838
TNS   : 0.000

Type  : Fast 1100mV 85C Model Recovery 'select'
Slack : -3.319
TNS   : -9.956

Type  : Fast 1100mV 85C Model Removal 'select'
Slack : 1.361
TNS   : 0.000

Type  : Fast 1100mV 85C Model Minimum Pulse Width 'clk'
Slack : -0.762
TNS   : -1.978

Type  : Fast 1100mV 85C Model Minimum Pulse Width 'select'
Slack : -0.359
TNS   : -1.484

Type  : Fast 1100mV 85C Model Minimum Pulse Width 'flag'
Slack : 0.001
TNS   : 0.000

Type  : Fast 1100mV 85C Model Minimum Pulse Width 'VGA:vga|pll:vgapll|c0'
Slack : 0.119
TNS   : 0.000

Type  : Fast 1100mV 0C Model Setup 'flag'
Slack : -4.384
TNS   : -11.819

Type  : Fast 1100mV 0C Model Setup 'select'
Slack : -3.972
TNS   : -11.803

Type  : Fast 1100mV 0C Model Setup 'clk'
Slack : -2.764
TNS   : -3.592

Type  : Fast 1100mV 0C Model Setup 'VGA:vga|pll:vgapll|c0'
Slack : -1.247
TNS   : -25.669

Type  : Fast 1100mV 0C Model Hold 'clk'
Slack : 0.169
TNS   : 0.000

Type  : Fast 1100mV 0C Model Hold 'VGA:vga|pll:vgapll|c0'
Slack : 0.328
TNS   : 0.000

Type  : Fast 1100mV 0C Model Hold 'flag'
Slack : 0.349
TNS   : 0.000

Type  : Fast 1100mV 0C Model Hold 'select'
Slack : 0.530
TNS   : 0.000

Type  : Fast 1100mV 0C Model Recovery 'select'
Slack : -2.720
TNS   : -8.159

Type  : Fast 1100mV 0C Model Removal 'select'
Slack : 0.971
TNS   : 0.000

Type  : Fast 1100mV 0C Model Minimum Pulse Width 'clk'
Slack : -0.731
TNS   : -1.928

Type  : Fast 1100mV 0C Model Minimum Pulse Width 'select'
Slack : -0.346
TNS   : -1.374

Type  : Fast 1100mV 0C Model Minimum Pulse Width 'flag'
Slack : -0.004
TNS   : -0.004

Type  : Fast 1100mV 0C Model Minimum Pulse Width 'VGA:vga|pll:vgapll|c0'
Slack : 0.131
TNS   : 0.000

------------------------------------------------------------
